stm32l4xx_hal_sai.c:799:13:HAL_SAI_MspInit	0	static
stm32l4xx_hal_sai.c:2368:13:SAI_FillFifo	16	static
stm32l4xx_hal_sai.c:2681:13:SAI_DMATxCplt	8	static
stm32l4xx_hal_sai.c:2710:13:SAI_DMATxHalfCplt	0	static
stm32l4xx_hal_sai.c:2727:13:SAI_DMARxCplt	8	static
stm32l4xx_hal_sai.c:2755:13:SAI_DMARxHalfCplt	0	static
stm32l4xx_hal_sai.c:2772:13:SAI_DMAError	4	static
stm32l4xx_hal_sai.c:2806:13:SAI_DMAAbort	4	static
stm32l4xx_hal_sai.c:2537:13:SAI_Transmit_IT32Bit	12	static
stm32l4xx_hal_sai.c:2641:13:SAI_Receive_IT32Bit	12	static
stm32l4xx_hal_sai.c:2128:13:HAL_SAI_ErrorCallback	0	static
stm32l4xx_hal_sai.c:815:13:HAL_SAI_MspDeInit	0	static
stm32l4xx_hal_sai.c:2064:13:HAL_SAI_TxCpltCallback	0	static
stm32l4xx_hal_sai.c:2080:13:HAL_SAI_TxHalfCpltCallback	0	static
stm32l4xx_hal_sai.c:2096:13:HAL_SAI_RxCpltCallback	0	static
stm32l4xx_hal_sai.c:2112:13:HAL_SAI_RxHalfCpltCallback	0	static
stm32l4xx_hal_sai.c:2475:13:SAI_Transmit_IT8Bit	12	static
stm32l4xx_hal_sai.c:2504:13:SAI_Transmit_IT16Bit	12	static
stm32l4xx_hal_sai.c:2574:13:SAI_Receive_IT8Bit	12	static
stm32l4xx_hal_sai.c:2605:13:SAI_Receive_IT16Bit	12	static
stm32l4xx_hal_sai.c:369:19:HAL_SAI_Init	32	static
stm32l4xx_hal_sai.c:330:19:HAL_SAI_InitProtocol	8	static
stm32l4xx_hal_sai.c:727:19:HAL_SAI_DeInit	16	static
stm32l4xx_hal_sai.c:842:19:HAL_SAI_RegisterCallback	4	static
stm32l4xx_hal_sai.c:934:19:HAL_SAI_UnRegisterCallback	0	static
stm32l4xx_hal_sai.c:1056:19:HAL_SAI_Transmit	32	static
stm32l4xx_hal_sai.c:1169:19:HAL_SAI_Receive	32	static
stm32l4xx_hal_sai.c:1279:19:HAL_SAI_Transmit_IT	16	static
stm32l4xx_hal_sai.c:1341:19:HAL_SAI_Receive_IT	8	static
stm32l4xx_hal_sai.c:1399:19:HAL_SAI_DMAPause	0	static
stm32l4xx_hal_sai.c:1419:19:HAL_SAI_DMAResume	0	static
stm32l4xx_hal_sai.c:1446:19:HAL_SAI_DMAStop	16	static
stm32l4xx_hal_sai.c:1496:19:HAL_SAI_Abort	16	static
stm32l4xx_hal_sai.c:1556:19:HAL_SAI_Transmit_DMA	32	static
stm32l4xx_hal_sai.c:1643:19:HAL_SAI_Receive_DMA	24	static
stm32l4xx_hal_sai.c:1712:19:HAL_SAI_EnableTxMuteMode	0	static
stm32l4xx_hal_sai.c:1731:19:HAL_SAI_DisableTxMuteMode	0	static
stm32l4xx_hal_sai.c:1749:19:HAL_SAI_EnableRxMuteMode	4	static
stm32l4xx_hal_sai.c:1772:19:HAL_SAI_DisableRxMuteMode	0	static
stm32l4xx_hal_sai.c:1791:6:HAL_SAI_IRQHandler	16	static
stm32l4xx_hal_sai.c:2163:22:HAL_SAI_GetState	0	static
stm32l4xx_hal_sai.c:2174:10:HAL_SAI_GetError	0	static
