iis2dh.c:262:9:IIS2DH_GetCapabilities	4	static
iis2dh.c:892:16:ReadRegWrap	4	static
iis2dh.c:907:16:WriteRegWrap	4	static
iis2dh.c:577:9:IIS2DH_ACC_SetFullScale	8	static
iis2dh.c:128:9:IIS2DH_Init	40	static
iis2dh.c:514:9:IIS2DH_ACC_SetOutputDataRate	24	static
iis2dh.c:246:9:IIS2DH_ReadID	8	static
iis2dh.c:533:9:IIS2DH_ACC_GetFullScale	16	static
iis2dh.c:343:9:IIS2DH_ACC_GetSensitivity	24	static
iis2dh.c:456:9:IIS2DH_ACC_GetOutputDataRate	16	static
iis2dh.c:602:9:IIS2DH_ACC_GetAxesRaw	32	static
iis2dh.c:285:9:IIS2DH_ACC_Enable	24	static
iis2dh.c:224:9:IIS2DH_DeInit	8	static
iis2dh.c:318:9:IIS2DH_ACC_Disable	8	static
iis2dh.c:660:9:IIS2DH_ACC_GetAxes	40	static
iis2dh.c:88:9:IIS2DH_RegisterBusIO	8	static
iis2dh.c:692:9:IIS2DH_Read_Reg	8	static
iis2dh.c:709:9:IIS2DH_Write_Reg	16	static
iis2dh.c:726:9:IIS2DH_ACC_Get_DRDY_Status	8	static
iis2dh.c:742:9:IIS2DH_ACC_Get_Init_Status	0	static
iis2dh.c:760:9:IIS2DH_FIFO_Get_Num_Samples	8	static
iis2dh.c:776:9:IIS2DH_FIFO_Set_Mode	8	static
