sdcard_manager.c:336:6:HAL_PWR_PVDCallback	0	static
sdcard_manager.c:342:9:batt_error	16	static
sdcard_manager.c:354:9:log_error	40	static
sdcard_manager.c:373:9:SDM_Memory_Init	16	static
sdcard_manager.c:405:9:SDM_Memory_Deinit	24	static
sdcard_manager.c:426:6:SDM_Peripheral_Init	0	static
sdcard_manager.c:436:6:SDM_OS_Init	40	static
sdcard_manager.c:457:6:SDM_SD_Init	8	static
sdcard_manager.c:482:6:SDM_SD_DeInit	8	static
sdcard_manager.c:501:9:SDM_OpenLogErrorFile	16	static
sdcard_manager.c:518:9:SDM_OpenFile	64	static
sdcard_manager.c:533:9:SDM_CloseFile	0	static
sdcard_manager.c:544:10:SDM_GetLastDirNumber	360	static
sdcard_manager.c:718:9:SDM_WriteConfigBuffer	16	static
sdcard_manager.c:732:9:SDM_WriteBuffer	16	static
sdcard_manager.c:744:9:SDM_Flush_Buffer	32	static
sdcard_manager.c:769:9:SDM_Fill_Buffer	32	static
sdcard_manager.c:823:9:SDM_StartSensorThread	8	static
sdcard_manager.c:589:9:SDM_InitFiles	152	static
sdcard_manager.c:871:9:SDM_StopSensorThread	8	static
sdcard_manager.c:650:9:SDM_CloseFiles	104	static
sdcard_manager.c:915:10:SDM_ReadJSON	16	static
sdcard_manager.c:131:13:SDM_Thread	120	static
sdcard_manager.c:938:10:SDM_CreateJSON	16	static
sdcard_manager.c:951:6:HAL_GPIO_EXTI_Callback	16	static
sdcard_manager.c:986:6:SDM_AutosaveFile	16	static
