stts751.c:198:9:STTS751_GetCapabilities	0	static
stts751.c:120:9:STTS751_Init	16	static
stts751.c:178:9:STTS751_ReadID	16	static
stts751.c:291:9:STTS751_TEMP_GetOutputDataRate	16	static
stts751.c:362:9:STTS751_TEMP_SetOutputDataRate	24	static
stts751.c:418:9:STTS751_TEMP_GetTemperature	24	static
stts751.c:641:16:ReadRegWrap	24	static
stts751.c:670:16:WriteRegWrap	24	static
stts751.c:156:9:STTS751_DeInit	8	static
stts751.c:260:9:STTS751_TEMP_Disable	24	static
stts751.c:236:9:STTS751_TEMP_Enable	32	static
stts751.c:80:9:STTS751_RegisterBusIO	8	static
stts751.c:219:9:STTS751_Get_Init_Status	0	static
stts751.c:439:9:STTS751_TEMP_Get_DRDY_Status	16	static
stts751.c:465:9:STTS751_TEMP_SetHighTemperatureThreshold	8	static
stts751.c:486:9:STTS751_TEMP_SetLowTemperatureThreshold	8	static
stts751.c:509:9:STTS751_TEMP_GetTemperatureLimitStatus	32	static
stts751.c:532:9:STTS751_TEMP_SetEventPin	8	static
stts751.c:554:9:STTS751_Read_Reg	8	static
stts751.c:571:9:STTS751_Write_Reg	16	static
stts751.c:586:9:STTS751_Set_One_Shot	8	static
stts751.c:603:9:STTS751_Get_One_Shot_Status	16	static
