parson.c:274:15:read_file	24	static
parson.c:388:20:json_object_resize	24	static
parson.c:307:13:remove_comments	32	static
parson.c:363:20:json_object_addn	40	static
parson.c:494:20:json_array_add	24	static
parson.c:174:12:parse_utf16_hex	12	static
parson.c:672:15:get_quoted_string	56	static
parson.c:1011:12:json_serialize_string	40	static
parson.c:875:12:json_serialize_to_buffer_r	72	static
parson.c:875:12:json_serialize_to_buffer_r.constprop	72	static
parson.c:1141:14:json_object_get_value	32	static
parson.c:1148:14:json_object_get_string	32	static
parson.c:1152:8:json_object_get_number	32	static
parson.c:1156:15:json_object_get_object	32	static
parson.c:1160:14:json_object_get_array	32	static
parson.c:1164:5:json_object_get_boolean	32	static
parson.c:1168:14:json_object_dotget_value	40	static
parson.c:1177:14:json_object_dotget_string	8	static
parson.c:1181:8:json_object_dotget_number	8	static
parson.c:1185:15:json_object_dotget_object	8	static
parson.c:1189:14:json_object_dotget_array	8	static
parson.c:1193:5:json_object_dotget_boolean	8	static
parson.c:1197:8:json_object_get_count	0	static
parson.c:1201:14:json_object_get_name	0	static
parson.c:1208:14:json_object_get_value_at	0	static
parson.c:1215:13:json_object_get_wrapping_value	0	static
parson.c:1219:5:json_object_has_value	32	static
parson.c:1223:5:json_object_has_value_of_type	40	static
parson.c:1228:5:json_object_dothas_value	8	static
parson.c:1232:5:json_object_dothas_value_of_type	8	static
parson.c:1238:14:json_array_get_value	0	static
parson.c:1245:14:json_array_get_string	0	static
parson.c:1249:8:json_array_get_number	0	static
parson.c:1253:15:json_array_get_object	0	static
parson.c:1257:14:json_array_get_array	0	static
parson.c:1261:5:json_array_get_boolean	0	static
parson.c:1265:8:json_array_get_count	0	static
parson.c:1269:14:json_array_get_wrapping_value	0	static
parson.c:1274:17:json_value_get_type	0	static
parson.c:1278:15:json_value_get_object	0	static
parson.c:1282:14:json_value_get_array	0	static
parson.c:1286:14:json_value_get_string	0	static
parson.c:1290:8:json_value_get_number	0	static
parson.c:1294:5:json_value_get_boolean	0	static
parson.c:1298:14:json_value_get_parent	0	static
parson.c:1302:6:json_value_free	24	static
parson.c:432:20:json_object_remove_internal	48	static
parson.c:683:21:parse_value.part.0	48	static
parson.c:1114:14:json_parse_string	16	static
parson.c:1124:14:json_parse_string_with_comments	32	static
parson.c:1103:14:json_parse_file_with_comments	8	static
parson.c:1092:14:json_parse_file	16	static
parson.c:1319:14:json_value_init_object	24	static
parson.c:1334:14:json_value_init_array	24	static
parson.c:1349:14:json_value_init_string	32	static
parson.c:1371:14:json_value_init_number	24	static
parson.c:1386:14:json_value_init_boolean	8	static
parson.c:1397:14:json_value_init_null	8	static
parson.c:1407:14:json_value_deep_copy	48	static
parson.c:1486:8:json_serialization_size	72	static
parson.c:1492:13:json_serialize_to_buffer	80	static
parson.c:1527:8:json_serialize_to_string	88	static
parson.c:1505:13:json_serialize_to_file	16	static
parson.c:1546:8:json_serialization_size_pretty	72	static
parson.c:1552:13:json_serialize_to_buffer_pretty	80	static
parson.c:1587:8:json_serialize_to_string_pretty	88	static
parson.c:1565:13:json_serialize_to_file_pretty	16	static
parson.c:1606:6:json_free_serialized_string	0	static
parson.c:1610:13:json_array_remove	16	static
parson.c:1622:13:json_array_replace_value	24	static
parson.c:1632:13:json_array_replace_string	24	static
parson.c:1644:13:json_array_replace_number	32	static
parson.c:1656:13:json_array_replace_boolean	24	static
parson.c:1668:13:json_array_replace_null	24	static
parson.c:1680:13:json_array_clear	16	static
parson.c:1692:13:json_array_append_value	24	static
parson.c:1699:13:json_array_append_string	24	static
parson.c:1711:13:json_array_append_number	32	static
parson.c:1723:13:json_array_append_boolean	24	static
parson.c:1735:13:json_array_append_null	24	static
parson.c:1747:13:json_object_set_value	48	static
parson.c:1768:13:json_object_set_string	16	static
parson.c:1772:13:json_object_set_number	32	static
parson.c:1776:13:json_object_set_boolean	24	static
parson.c:1780:13:json_object_set_null	16	static
parson.c:1784:13:json_object_dotset_value	48	static
parson.c:1826:13:json_object_dotset_string	16	static
parson.c:1838:13:json_object_dotset_number	32	static
parson.c:1850:13:json_object_dotset_boolean	24	static
parson.c:1862:13:json_object_dotset_null	24	static
parson.c:1874:13:json_object_remove	0	static
parson.c:1878:13:json_object_dotremove	40	static
parson.c:1882:13:json_object_clear	16	static
parson.c:1895:13:json_validate	64	static
parson.c:1955:5:json_value_equals	56	static
parson.c:2019:17:json_type	0	static
parson.c:2023:15:json_object	0	static
parson.c:2027:14:json_array	0	static
parson.c:2031:14:json_string	0	static
parson.c:2035:8:json_number	0	static
parson.c:2039:5:json_boolean	0	static
parson.c:2043:6:json_set_allocation_functions	0	static
