iis3dwb.c:204:9:IIS3DWB_GetCapabilities	4	static
iis3dwb.c:227:9:IIS3DWB_ACC_Enable	0	static
iis3dwb.c:1130:16:ReadRegWrap	4	static
iis3dwb.c:1145:16:WriteRegWrap	4	static
iis3dwb.c:126:9:IIS3DWB_Init	16	static
iis3dwb.c:413:9:IIS3DWB_ACC_SetFullScale	8	static
iis3dwb.c:188:9:IIS3DWB_ReadID	8	static
iis3dwb.c:347:9:IIS3DWB_ACC_SetOutputDataRate	8	static
iis3dwb.c:270:9:IIS3DWB_ACC_GetSensitivity	16	static
iis3dwb.c:369:9:IIS3DWB_ACC_GetFullScale	16	static
iis3dwb.c:314:9:IIS3DWB_ACC_GetOutputDataRate	16	static
iis3dwb.c:438:9:IIS3DWB_ACC_GetAxesRaw	16	static
iis3dwb.c:169:9:IIS3DWB_DeInit	8	static
iis3dwb.c:245:9:IIS3DWB_ACC_Disable	8	static
iis3dwb.c:463:9:IIS3DWB_ACC_GetAxes	32	static
iis3dwb.c:86:9:IIS3DWB_RegisterBusIO	8	static
iis3dwb.c:495:9:IIS3DWB_Read_Reg	8	static
iis3dwb.c:512:9:IIS3DWB_Write_Reg	16	static
iis3dwb.c:527:9:IIS3DWB_ACC_Enable_Wake_Up_Detection	16	static
iis3dwb.c:564:9:IIS3DWB_ACC_Disable_Wake_Up_Detection	16	static
iis3dwb.c:615:9:IIS3DWB_ACC_Set_Wake_Up_Threshold	8	static
iis3dwb.c:632:9:IIS3DWB_ACC_Set_Wake_Up_Duration	8	static
iis3dwb.c:650:9:IIS3DWB_ACC_Set_Sleep_Duration	8	static
iis3dwb.c:667:9:IIS3DWB_ACC_Get_Event_Status	32	static
iis3dwb.c:714:9:IIS3DWB_ACC_Get_DRDY_Status	8	static
iis3dwb.c:730:9:IIS3DWB_ACC_Get_Init_Status	0	static
iis3dwb.c:748:9:IIS3DWB_Filter_Set	8	static
iis3dwb.c:764:9:IIS3DWB_Set_Drdy_Mode	8	static
iis3dwb.c:780:9:IIS3DWB_INT1_Set_Drdy	24	static
iis3dwb.c:805:9:IIS3DWB_INT1_Set_FIFO_Full	24	static
iis3dwb.c:830:9:IIS3DWB_INT2_Set_Drdy	24	static
iis3dwb.c:855:9:IIS3DWB_INT2_Set_FIFO_Full	24	static
iis3dwb.c:880:9:IIS3DWB_INT2_Set_FIFO_Threshold	24	static
iis3dwb.c:905:9:IIS3DWB_INT1_Set_FIFO_Threshold	24	static
iis3dwb.c:930:9:IIS3DWB_Reset	8	static
iis3dwb.c:941:9:IIS3DWB_FIFO_Set_Watermark_Level	8	static
iis3dwb.c:957:9:IIS3DWB_FIFO_Set_Stop_On_Fth	8	static
iis3dwb.c:973:9:IIS3DWB_FIFO_Set_BDR	8	static
iis3dwb.c:994:9:IIS3DWB_FIFO_Set_TS_Decimation	8	static
iis3dwb.c:1011:9:IIS3DWB_FIFO_Set_T_BDR	8	static
iis3dwb.c:1028:9:IIS3DWB_FIFO_Read	8	static
iis3dwb.c:1044:9:IIS3DWB_FIFO_Set_Mode	8	static
iis3dwb.c:1083:9:IIS3DWB_FIFO_Get_Full_Status	16	static
iis3dwb.c:1103:9:IIS3DWB_FIFO_Get_Num_Samples	8	static
